// Jest Snapshot v1, https://goo.gl/fbAQLP

exports[`<Highlight /> should render the heading 1`] = `
<div
  class=""
>
  <h1>
    Highlight
  </h1>
</div>
`;
